node.exe : (node:11224) [DEP0040] DeprecationWarning: The `punycode` module is deprecated. Please use a userland alternative instead.
At line:1 char:1
+ & "C:\Program Files\nodejs/node.exe" "C:\Program Files\nodejs/node_mo ...
+ ~~~~~~~~~~~~~~~~~~~~~~~~~~~~~~~~~~~~~~~~~~~~~~~~~~~~~~~~~~~~~~~~~~~~~
    + CategoryInfo          : NotSpecified: ((node:11224) [D...native instead.:String) [], RemoteException
    + FullyQualifiedErrorId : NativeCommandError
 
(Use `node --trace-deprecation ...` to show where the warning was created)
FAIL e2e/flow.test.ts
  ΓùÅ Test suite failed to run

    Your test suite must contain at least one test.

      at onResult (node_modules/@jest/core/build/index.js:1057:18)
      at node_modules/@jest/core/build/index.js:1127:165
      at node_modules/emittery/index.js:363:13
          at Array.map (<anonymous>)
      at Emittery.emit (node_modules/emittery/index.js:361:23)

(node:14644) [DEP0040] DeprecationWarning: The `punycode` module is deprecated. Please use a userland alternative instead.
(Use `node --trace-deprecation ...` to show where the warning was created)
PASS lib/__tests__/constants.test.ts (11.558 s)
(node:32660) [DEP0040] DeprecationWarning: The `punycode` module is deprecated. Please use a userland alternative instead.
(Use `node --trace-deprecation ...` to show where the warning was created)
PASS lib/__tests__/theme.test.ts (11.683 s)
(node:38208) [DEP0040] DeprecationWarning: The `punycode` module is deprecated. Please use a userland alternative instead.
(Use `node --trace-deprecation ...` to show where the warning was created)
(node:37220) [DEP0040] DeprecationWarning: The `punycode` module is deprecated. Please use a userland alternative instead.
(Use `node --trace-deprecation ...` to show where the warning was created)
PASS components/ui/__tests__/Card.test.tsx (12.548 s)
  ΓùÅ Console

    console.error
      react-test-renderer is deprecated. See https://react.dev/warnings/react-test-renderer

    [0m [90m  6 |[39m describe([32m'Card'[39m[33m,[39m () [33m=>[39m {
     [90m  7 |[39m   it([32m'renders children'[39m[33m,[39m () [33m=>[39m {
    [31m[1m>[22m[39m[90m  8 |[39m     [36mconst[39m { getByText } [33m=[39m render(
     [90m    |[39m                                 [31m[1m^[22m[39m
     [90m  9 |[39m       [33m<[39m[33mCard[39m[33m>[39m[33m<[39m[33mText[39m[33m>[39m[33mCard[39m 
[33mContent[39m[33m<[39m[33m/[39m[33mText[39m[33m>[39m[33m<[39m[33m/[39m[33mCard[39m[33m>[39m
     [90m 10 |[39m     )[33m;[39m
     [90m 11 |[39m     expect(getByText([32m'Card Content'[39m))[33m.[39mtoBeTruthy()[33m;[39m[0m

      at Object.process.env.NODE_ENV.exports.create (node_modules/react-test-renderer/cjs/react-test-renderer.development.js:14598:17)
      at create (node_modules/@testing-library/react-native/src/render-act.ts:15:29)
      at callback (node_modules/@testing-library/react-native/src/act.ts:31:24)
      at process.env.NODE_ENV.exports.act (node_modules/react/cjs/react.development.js:789:22)
      at actImplementation (node_modules/@testing-library/react-native/src/act.ts:30:25)
      at renderWithAct (node_modules/@testing-library/react-native/src/render-act.ts:13:11)
      at renderInternal (node_modules/@testing-library/react-native/src/render.tsx:69:33)
      at renderInternal (node_modules/@testing-library/react-native/src/render.tsx:44:10)
      at Object.<anonymous> (components/ui/__tests__/Card.test.tsx:8:33)

    console.error
      react-test-renderer is deprecated. See https://react.dev/warnings/react-test-renderer

    [0m [90m 13 |[39m
     [90m 14 |[39m   it([32m'renders as View when no onPress'[39m[33m,[39m () [33m=>[39m {
    [31m[1m>[22m[39m[90m 15 |[39m     [36mconst[39m { toJSON } [33m=[39m render(
     [90m    |[39m                              [31m[1m^[22m[39m
     [90m 16 |[39m       [33m<[39m[33mCard[39m[33m>[39m[33m<[39m[33mText[39m[33m>[39m[33mStatic[39m[33m<[39m[33m/[39m[33mText[39m[33m
>[39m[33m<[39m[33m/[39m[33mCard[39m[33m>[39m
     [90m 17 |[39m     )[33m;[39m
     [90m 18 |[39m     [36mconst[39m tree [33m=[39m toJSON()[33m;[39m[0m

      at Object.process.env.NODE_ENV.exports.create (node_modules/react-test-renderer/cjs/react-test-renderer.development.js:14598:17)
      at create (node_modules/@testing-library/react-native/src/render-act.ts:15:29)
      at callback (node_modules/@testing-library/react-native/src/act.ts:31:24)
      at process.env.NODE_ENV.exports.act (node_modules/react/cjs/react.development.js:789:22)
      at actImplementation (node_modules/@testing-library/react-native/src/act.ts:30:25)
      at renderWithAct (node_modules/@testing-library/react-native/src/render-act.ts:13:11)
      at renderInternal (node_modules/@testing-library/react-native/src/render.tsx:69:33)
      at renderInternal (node_modules/@testing-library/react-native/src/render.tsx:44:10)
      at Object.<anonymous> (components/ui/__tests__/Card.test.tsx:15:30)

    console.error
      react-test-renderer is deprecated. See https://react.dev/warnings/react-test-renderer

    [0m [90m 25 |[39m   it([32m'renders as Pressable when onPress is provided'[39m[33m,[39m () [33m=>[39m {
     [90m 26 |[39m     [36mconst[39m onPress [33m=[39m jest[33m.[39mfn()[33m;[39m
    [31m[1m>[22m[39m[90m 27 |[39m     [36mconst[39m { toJSON } [33m=[39m render(
     [90m    |[39m                              [31m[1m^[22m[39m
     [90m 28 |[39m       [33m<[39m[33mCard[39m onPress[33m=[39m{onPress}[33m>[39m[33m<[39m[33mText[39m[33m>[39m[33mTappable[39m[33m<[39m
[33m/[39m[33mText[39m[33m>[39m[33m<[39m[33m/[39m[33mCard[39m[33m>[39m
     [90m 29 |[39m     )[33m;[39m
     [90m 30 |[39m     [36mconst[39m tree [33m=[39m toJSON()[33m;[39m[0m

      at Object.process.env.NODE_ENV.exports.create (node_modules/react-test-renderer/cjs/react-test-renderer.development.js:14598:17)
      at create (node_modules/@testing-library/react-native/src/render-act.ts:15:29)
      at callback (node_modules/@testing-library/react-native/src/act.ts:31:24)
      at process.env.NODE_ENV.exports.act (node_modules/react/cjs/react.development.js:789:22)
      at actImplementation (node_modules/@testing-library/react-native/src/act.ts:30:25)
      at renderWithAct (node_modules/@testing-library/react-native/src/render-act.ts:13:11)
      at renderInternal (node_modules/@testing-library/react-native/src/render.tsx:69:33)
      at renderInternal (node_modules/@testing-library/react-native/src/render.tsx:44:10)
      at Object.<anonymous> (components/ui/__tests__/Card.test.tsx:27:30)

    console.error
      react-test-renderer is deprecated. See https://react.dev/warnings/react-test-renderer

    [0m [90m 36 |[39m   it([32m'calls onPress when tapped'[39m[33m,[39m () [33m=>[39m {
     [90m 37 |[39m     [36mconst[39m onPress [33m=[39m jest[33m.[39mfn()[33m;[39m
    [31m[1m>[22m[39m[90m 38 |[39m     [36mconst[39m { getByText } [33m=[39m render(
     [90m    |[39m                                 [31m[1m^[22m[39m
     [90m 39 |[39m       [33m<[39m[33mCard[39m onPress[33m=[39m{onPress}[33m>[39m[33m<[39m[33mText[39m[33m>[39m[33mTap[39m 
[33mMe[39m[33m<[39m[33m/[39m[33mText[39m[33m>[39m[33m<[39m[33m/[39m[33mCard[39m[33m>[39m
     [90m 40 |[39m     )[33m;[39m
     [90m 41 |[39m     fireEvent[33m.[39mpress(getByText([32m'Tap Me'[39m))[33m;[39m[0m

      at Object.process.env.NODE_ENV.exports.create (node_modules/react-test-renderer/cjs/react-test-renderer.development.js:14598:17)
      at create (node_modules/@testing-library/react-native/src/render-act.ts:15:29)
      at callback (node_modules/@testing-library/react-native/src/act.ts:31:24)
      at process.env.NODE_ENV.exports.act (node_modules/react/cjs/react.development.js:789:22)
      at actImplementation (node_modules/@testing-library/react-native/src/act.ts:30:25)
      at renderWithAct (node_modules/@testing-library/react-native/src/render-act.ts:13:11)
      at renderInternal (node_modules/@testing-library/react-native/src/render.tsx:69:33)
      at renderInternal (node_modules/@testing-library/react-native/src/render.tsx:44:10)
      at Object.<anonymous> (components/ui/__tests__/Card.test.tsx:38:33)

(node:2440) [DEP0040] DeprecationWarning: The `punycode` module is deprecated. Please use a userland alternative instead.
(Use `node --trace-deprecation ...` to show where the warning was created)
(node:38456) [DEP0040] DeprecationWarning: The `punycode` module is deprecated. Please use a userland alternative instead.
(Use `node --trace-deprecation ...` to show where the warning was created)
PASS components/ui/__tests__/ThemeToggle.test.tsx (12.598 s)
  ΓùÅ Console

    console.error
      react-test-renderer is deprecated. See https://react.dev/warnings/react-test-renderer

    [0m [90m 28 |[39m
     [90m 29 |[39m   it([32m'renders without crashing'[39m[33m,[39m () [33m=>[39m {
    [31m[1m>[22m[39m[90m 30 |[39m     [36mconst[39m { toJSON } [33m=[39m render([33m<[39m[33mThemeToggle[39m 
[33m/[39m[33m>[39m)[33m;[39m
     [90m    |[39m                              [31m[1m^[22m[39m
     [90m 31 |[39m     expect(toJSON())[33m.[39mtoBeTruthy()[33m;[39m
     [90m 32 |[39m   })[33m;[39m
     [90m 33 |[39m[0m

      at Object.process.env.NODE_ENV.exports.create (node_modules/react-test-renderer/cjs/react-test-renderer.development.js:14598:17)
      at create (node_modules/@testing-library/react-native/src/render-act.ts:15:29)
      at callback (node_modules/@testing-library/react-native/src/act.ts:31:24)
      at process.env.NODE_ENV.exports.act (node_modules/react/cjs/react.development.js:789:22)
      at actImplementation (node_modules/@testing-library/react-native/src/act.ts:30:25)
      at renderWithAct (node_modules/@testing-library/react-native/src/render-act.ts:13:11)
      at renderInternal (node_modules/@testing-library/react-native/src/render.tsx:69:33)
      at renderInternal (node_modules/@testing-library/react-native/src/render.tsx:44:10)
      at Object.<anonymous> (components/ui/__tests__/ThemeToggle.test.tsx:30:30)

    console.error
      react-test-renderer is deprecated. See https://react.dev/warnings/react-test-renderer

    [0m [90m 33 |[39m
     [90m 34 |[39m   it([32m'contains a pressable track element'[39m[33m,[39m () [33m=>[39m {
    [31m[1m>[22m[39m[90m 35 |[39m     [36mconst[39m { toJSON } [33m=[39m render([33m<[39m[33mThemeToggle[39m 
[33m/[39m[33m>[39m)[33m;[39m
     [90m    |[39m                              [31m[1m^[22m[39m
     [90m 36 |[39m     [36mconst[39m tree [33m=[39m toJSON()[33m;[39m
     [90m 37 |[39m     [90m// The component renders: View > [Ionicons, Pressable (track), Ionicons][39m
     [90m 38 |[39m     expect(tree)[33m.[39mtoBeTruthy()[33m;[39m[0m

      at Object.process.env.NODE_ENV.exports.create (node_modules/react-test-renderer/cjs/react-test-renderer.development.js:14598:17)
      at create (node_modules/@testing-library/react-native/src/render-act.ts:15:29)
      at callback (node_modules/@testing-library/react-native/src/act.ts:31:24)
      at process.env.NODE_ENV.exports.act (node_modules/react/cjs/react.development.js:789:22)
      at actImplementation (node_modules/@testing-library/react-native/src/act.ts:30:25)
      at renderWithAct (node_modules/@testing-library/react-native/src/render-act.ts:13:11)
      at renderInternal (node_modules/@testing-library/react-native/src/render.tsx:69:33)
      at renderInternal (node_modules/@testing-library/react-native/src/render.tsx:44:10)
      at Object.<anonymous> (components/ui/__tests__/ThemeToggle.test.tsx:35:30)

PASS components/ui/__tests__/Button.test.tsx (12.652 s)
  ΓùÅ Console

    console.error
      react-test-renderer is deprecated. See https://react.dev/warnings/react-test-renderer

    [0m [90m 11 |[39m
     [90m 12 |[39m   it([32m'renders title text'[39m[33m,[39m () [33m=>[39m {
    [31m[1m>[22m[39m[90m 13 |[39m     [36mconst[39m { getByText } [33m=[39m render(
     [90m    |[39m                                 [31m[1m^[22m[39m
     [90m 14 |[39m       [33m<[39m[33mButton[39m title[33m=[39m[32m"Press Me"[39m onPress[33m=[39m{mockOnPress} [33m/[39m[33m>[39m
     [90m 15 |[39m     )[33m;[39m
     [90m 16 |[39m     expect(getByText([32m'Press Me'[39m))[33m.[39mtoBeTruthy()[33m;[39m[0m

      at Object.process.env.NODE_ENV.exports.create (node_modules/react-test-renderer/cjs/react-test-renderer.development.js:14598:17)
      at create (node_modules/@testing-library/react-native/src/render-act.ts:15:29)
      at callback (node_modules/@testing-library/react-native/src/act.ts:31:24)
      at process.env.NODE_ENV.exports.act (node_modules/react/cjs/react.development.js:789:22)
      at actImplementation (node_modules/@testing-library/react-native/src/act.ts:30:25)
      at renderWithAct (node_modules/@testing-library/react-native/src/render-act.ts:13:11)
      at renderInternal (node_modules/@testing-library/react-native/src/render.tsx:69:33)
      at renderInternal (node_modules/@testing-library/react-native/src/render.tsx:44:10)
      at Object.<anonymous> (components/ui/__tests__/Button.test.tsx:13:33)

    console.error
      react-test-renderer is deprecated. See https://react.dev/warnings/react-test-renderer

    [0m [90m 18 |[39m
     [90m 19 |[39m   it([32m'calls onPress when tapped'[39m[33m,[39m () [33m=>[39m {
    [31m[1m>[22m[39m[90m 20 |[39m     [36mconst[39m { getByText } [33m=[39m render(
     [90m    |[39m                                 [31m[1m^[22m[39m
     [90m 21 |[39m       [33m<[39m[33mButton[39m title[33m=[39m[32m"Tap"[39m onPress[33m=[39m{mockOnPress} [33m/[39m[33m>[39m
     [90m 22 |[39m     )[33m;[39m
     [90m 23 |[39m     fireEvent[33m.[39mpress(getByText([32m'Tap'[39m))[33m;[39m[0m

      at Object.process.env.NODE_ENV.exports.create (node_modules/react-test-renderer/cjs/react-test-renderer.development.js:14598:17)
      at create (node_modules/@testing-library/react-native/src/render-act.ts:15:29)
      at callback (node_modules/@testing-library/react-native/src/act.ts:31:24)
      at process.env.NODE_ENV.exports.act (node_modules/react/cjs/react.development.js:789:22)
      at actImplementation (node_modules/@testing-library/react-native/src/act.ts:30:25)
      at renderWithAct (node_modules/@testing-library/react-native/src/render-act.ts:13:11)
      at renderInternal (node_modules/@testing-library/react-native/src/render.tsx:69:33)
      at renderInternal (node_modules/@testing-library/react-native/src/render.tsx:44:10)
      at Object.<anonymous> (components/ui/__tests__/Button.test.tsx:20:33)

    console.error
      react-test-renderer is deprecated. See https://react.dev/warnings/react-test-renderer

    [0m [90m 26 |[39m
     [90m 27 |[39m   it([32m'renders with reduced opacity when disabled'[39m[33m,[39m () [33m=>[39m {
    [31m[1m>[22m[39m[90m 28 |[39m     [36mconst[39m { toJSON } [33m=[39m render(
     [90m    |[39m                              [31m[1m^[22m[39m
     [90m 29 |[39m       [33m<[39m[33mButton[39m title[33m=[39m[32m"Disabled"[39m onPress[33m=[39m{mockOnPress} disabled [33m/[39m[33m>[39m
     [90m 30 |[39m     )[33m;[39m
     [90m 31 |[39m     [90m// Disabled button should still render[39m[0m

      at Object.process.env.NODE_ENV.exports.create (node_modules/react-test-renderer/cjs/react-test-renderer.development.js:14598:17)
      at create (node_modules/@testing-library/react-native/src/render-act.ts:15:29)
      at callback (node_modules/@testing-library/react-native/src/act.ts:31:24)
      at process.env.NODE_ENV.exports.act (node_modules/react/cjs/react.development.js:789:22)
      at actImplementation (node_modules/@testing-library/react-native/src/act.ts:30:25)
      at renderWithAct (node_modules/@testing-library/react-native/src/render-act.ts:13:11)
      at renderInternal (node_modules/@testing-library/react-native/src/render.tsx:69:33)
      at renderInternal (node_modules/@testing-library/react-native/src/render.tsx:44:10)
      at Object.<anonymous> (components/ui/__tests__/Button.test.tsx:28:30)

    console.error
      react-test-renderer is deprecated. See https://react.dev/warnings/react-test-renderer

    [0m [90m 34 |[39m
     [90m 35 |[39m   it([32m'shows ActivityIndicator when loading'[39m[33m,[39m () [33m=>[39m {
    [31m[1m>[22m[39m[90m 36 |[39m     [36mconst[39m { queryByText } [33m=[39m render(
     [90m    |[39m                                   [31m[1m^[22m[39m
     [90m 37 |[39m       [33m<[39m[33mButton[39m title[33m=[39m[32m"Save"[39m onPress[33m=[39m{mockOnPress} loading [33m/[39m[33m>[39m
     [90m 38 |[39m     )[33m;[39m
     [90m 39 |[39m     [90m// Title should not be visible when loading[39m[0m

      at Object.process.env.NODE_ENV.exports.create (node_modules/react-test-renderer/cjs/react-test-renderer.development.js:14598:17)
      at create (node_modules/@testing-library/react-native/src/render-act.ts:15:29)
      at callback (node_modules/@testing-library/react-native/src/act.ts:31:24)
      at process.env.NODE_ENV.exports.act (node_modules/react/cjs/react.development.js:789:22)
      at actImplementation (node_modules/@testing-library/react-native/src/act.ts:30:25)
      at renderWithAct (node_modules/@testing-library/react-native/src/render-act.ts:13:11)
      at renderInternal (node_modules/@testing-library/react-native/src/render.tsx:69:33)
      at renderInternal (node_modules/@testing-library/react-native/src/render.tsx:44:10)
      at Object.<anonymous> (components/ui/__tests__/Button.test.tsx:36:35)

    console.error
      react-test-renderer is deprecated. See https://react.dev/warnings/react-test-renderer

    [0m [90m 42 |[39m
     [90m 43 |[39m   it([32m'renders primary variant by default'[39m[33m,[39m () [33m=>[39m {
    [31m[1m>[22m[39m[90m 44 |[39m     [36mconst[39m { getByText } [33m=[39m render(
     [90m    |[39m                                 [31m[1m^[22m[39m
     [90m 45 |[39m       [33m<[39m[33mButton[39m title[33m=[39m[32m"Primary"[39m onPress[33m=[39m{mockOnPress} [33m/[39m[33m>[39m
     [90m 46 |[39m     )[33m;[39m
     [90m 47 |[39m     expect(getByText([32m'Primary'[39m))[33m.[39mtoBeTruthy()[33m;[39m[0m

      at Object.process.env.NODE_ENV.exports.create (node_modules/react-test-renderer/cjs/react-test-renderer.development.js:14598:17)
      at create (node_modules/@testing-library/react-native/src/render-act.ts:15:29)
      at callback (node_modules/@testing-library/react-native/src/act.ts:31:24)
      at process.env.NODE_ENV.exports.act (node_modules/react/cjs/react.development.js:789:22)
      at actImplementation (node_modules/@testing-library/react-native/src/act.ts:30:25)
      at renderWithAct (node_modules/@testing-library/react-native/src/render-act.ts:13:11)
      at renderInternal (node_modules/@testing-library/react-native/src/render.tsx:69:33)
      at renderInternal (node_modules/@testing-library/react-native/src/render.tsx:44:10)
      at Object.<anonymous> (components/ui/__tests__/Button.test.tsx:44:33)

    console.error
      react-test-renderer is deprecated. See https://react.dev/warnings/react-test-renderer

    [0m [90m 49 |[39m
     [90m 50 |[39m   it([32m'renders secondary variant'[39m[33m,[39m () [33m=>[39m {
    [31m[1m>[22m[39m[90m 51 |[39m     [36mconst[39m { getByText } [33m=[39m render(
     [90m    |[39m                                 [31m[1m^[22m[39m
     [90m 52 |[39m       [33m<[39m[33mButton[39m title[33m=[39m[32m"Secondary"[39m onPress[33m=[39m{mockOnPress} 
variant[33m=[39m[32m"secondary"[39m [33m/[39m[33m>[39m
     [90m 53 |[39m     )[33m;[39m
     [90m 54 |[39m     expect(getByText([32m'Secondary'[39m))[33m.[39mtoBeTruthy()[33m;[39m[0m

      at Object.process.env.NODE_ENV.exports.create (node_modules/react-test-renderer/cjs/react-test-renderer.development.js:14598:17)
      at create (node_modules/@testing-library/react-native/src/render-act.ts:15:29)
      at callback (node_modules/@testing-library/react-native/src/act.ts:31:24)
      at process.env.NODE_ENV.exports.act (node_modules/react/cjs/react.development.js:789:22)
      at actImplementation (node_modules/@testing-library/react-native/src/act.ts:30:25)
      at renderWithAct (node_modules/@testing-library/react-native/src/render-act.ts:13:11)
      at renderInternal (node_modules/@testing-library/react-native/src/render.tsx:69:33)
      at renderInternal (node_modules/@testing-library/react-native/src/render.tsx:44:10)
      at Object.<anonymous> (components/ui/__tests__/Button.test.tsx:51:33)

    console.error
      react-test-renderer is deprecated. See https://react.dev/warnings/react-test-renderer

    [0m [90m 56 |[39m
     [90m 57 |[39m   it([32m'renders text variant'[39m[33m,[39m () [33m=>[39m {
    [31m[1m>[22m[39m[90m 58 |[39m     [36mconst[39m { getByText } [33m=[39m render(
     [90m    |[39m                                 [31m[1m^[22m[39m
     [90m 59 |[39m       [33m<[39m[33mButton[39m title[33m=[39m[32m"Text"[39m onPress[33m=[39m{mockOnPress} variant[33m=[39m[32m"text"[39m 
[33m/[39m[33m>[39m
     [90m 60 |[39m     )[33m;[39m
     [90m 61 |[39m     expect(getByText([32m'Text'[39m))[33m.[39mtoBeTruthy()[33m;[39m[0m

      at Object.process.env.NODE_ENV.exports.create (node_modules/react-test-renderer/cjs/react-test-renderer.development.js:14598:17)
      at create (node_modules/@testing-library/react-native/src/render-act.ts:15:29)
      at callback (node_modules/@testing-library/react-native/src/act.ts:31:24)
      at process.env.NODE_ENV.exports.act (node_modules/react/cjs/react.development.js:789:22)
      at actImplementation (node_modules/@testing-library/react-native/src/act.ts:30:25)
      at renderWithAct (node_modules/@testing-library/react-native/src/render-act.ts:13:11)
      at renderInternal (node_modules/@testing-library/react-native/src/render.tsx:69:33)
      at renderInternal (node_modules/@testing-library/react-native/src/render.tsx:44:10)
      at Object.<anonymous> (components/ui/__tests__/Button.test.tsx:58:33)

PASS hooks/__tests__/useAuth.test.ts (13.182 s)
  ΓùÅ Console

    console.error
      react-test-renderer is deprecated. See https://react.dev/warnings/react-test-renderer

    [0m [90m 18 |[39m
     [90m 19 |[39m   it([32m'starts with loading true'[39m[33m,[39m () [33m=>[39m {
    [31m[1m>[22m[39m[90m 20 |[39m     [36mconst[39m { result } [33m=[39m renderHook(() [33m=>[39m useAuth())[33m;[39m
     [90m    |[39m                                  [31m[1m^[22m[39m
     [90m 21 |[39m     expect(result[33m.[39mcurrent[33m.[39mloading)[33m.[39mtoBe([36mtrue[39m)[33m;[39m
     [90m 22 |[39m   })[33m;[39m
     [90m 23 |[39m[0m

      at Object.process.env.NODE_ENV.exports.create (node_modules/react-test-renderer/cjs/react-test-renderer.development.js:14598:17)
      at create (node_modules/@testing-library/react-native/src/render-act.ts:15:29)
      at callback (node_modules/@testing-library/react-native/src/act.ts:31:24)
      at process.env.NODE_ENV.exports.act (node_modules/react/cjs/react.development.js:789:22)
      at actImplementation (node_modules/@testing-library/react-native/src/act.ts:30:25)
      at renderWithAct (node_modules/@testing-library/react-native/src/render-act.ts:13:11)
      at renderInternal (node_modules/@testing-library/react-native/src/render.tsx:69:33)
      at renderInternal (node_modules/@testing-library/react-native/src/render.tsx:44:10)
      at renderHook (node_modules/@testing-library/react-native/src/render-hook.tsx:55:58)
      at Object.<anonymous> (hooks/__tests__/useAuth.test.ts:20:34)

    console.error
      An update to HookContainer inside a test was not wrapped in act(...).
      
      When testing, code that causes React state updates should be wrapped into act(...):
      
      act(() => {
        /* fire events that update state */
      });
      /* assert on the output */
      
      This ensures that you're testing the behavior the user would see in the browser. Learn more at https://react.dev/link/wrap-tests-with-act

    [0m [90m 43 |[39m       setSession(session)[33m;[39m
     [90m 44 |[39m       setUser(session[33m?[39m[33m.[39muser [33m?[39m[33m?[39m [36mnull[39m)[33m;[39m
    [31m[1m>[22m[39m[90m 45 |[39m       setLoading([36mfalse[39m)[33m;[39m
     [90m    |[39m       [31m[1m^[22m[39m
     [90m 46 |[39m
     [90m 47 |[39m       [90m// Ensure profile exists for already-signed-in users[39m
     [90m 48 |[39m       [36mif[39m (session[33m?[39m[33m.[39muser) {[0m

      at node_modules/react-test-renderer/cjs/react-test-renderer.development.js:11801:19
      at runWithFiberInDEV (node_modules/react-test-renderer/cjs/react-test-renderer.development.js:1574:13)
      at warnIfUpdatesNotWrappedWithActDEV (node_modules/react-test-renderer/cjs/react-test-renderer.development.js:11800:9)
      at scheduleUpdateOnFiber (node_modules/react-test-renderer/cjs/react-test-renderer.development.js:10326:9)
      at dispatchSetStateInternal (node_modules/react-test-renderer/cjs/react-test-renderer.development.js:4148:13)
      at dispatchSetState (node_modules/react-test-renderer/cjs/react-test-renderer.development.js:4107:7)
      at hooks/useAuth.ts:45:7

    console.error
      react-test-renderer is deprecated. See https://react.dev/warnings/react-test-renderer

    [0m [90m 23 |[39m
     [90m 24 |[39m   it([32m'sets loading to false after session check'[39m[33m,[39m [36masync[39m () [33m=>[39m {
    [31m[1m>[22m[39m[90m 25 |[39m     [36mconst[39m { result } [33m=[39m renderHook(() [33m=>[39m useAuth())[33m;[39m
     [90m    |[39m                                  [31m[1m^[22m[39m
     [90m 26 |[39m     [36mawait[39m waitFor(() [33m=>[39m {
     [90m 27 |[39m       expect(result[33m.[39mcurrent[33m.[39mloading)[33m.[39mtoBe([36mfalse[39m)[33m;[39m
     [90m 28 |[39m     })[33m;[39m[0m

      at Object.process.env.NODE_ENV.exports.create (node_modules/react-test-renderer/cjs/react-test-renderer.development.js:14598:17)
      at create (node_modules/@testing-library/react-native/src/render-act.ts:15:29)
      at callback (node_modules/@testing-library/react-native/src/act.ts:31:24)
      at process.env.NODE_ENV.exports.act (node_modules/react/cjs/react.development.js:789:22)
      at actImplementation (node_modules/@testing-library/react-native/src/act.ts:30:25)
      at renderWithAct (node_modules/@testing-library/react-native/src/render-act.ts:13:11)
      at renderInternal (node_modules/@testing-library/react-native/src/render.tsx:69:33)
      at renderInternal (node_modules/@testing-library/react-native/src/render.tsx:44:10)
      at renderHook (node_modules/@testing-library/react-native/src/render-hook.tsx:55:58)
      at Object.<anonymous> (hooks/__tests__/useAuth.test.ts:25:34)

    console.error
      react-test-renderer is deprecated. See https://react.dev/warnings/react-test-renderer

    [0m [90m 30 |[39m
     [90m 31 |[39m   it([32m'user is null when no session'[39m[33m,[39m [36masync[39m () [33m=>[39m {
    [31m[1m>[22m[39m[90m 32 |[39m     [36mconst[39m { result } [33m=[39m renderHook(() [33m=>[39m useAuth())[33m;[39m
     [90m    |[39m                                  [31m[1m^[22m[39m
     [90m 33 |[39m     [36mawait[39m waitFor(() [33m=>[39m {
     [90m 34 |[39m       expect(result[33m.[39mcurrent[33m.[39mloading)[33m.[39mtoBe([36mfalse[39m)[33m;[39m
     [90m 35 |[39m     })[33m;[39m[0m

      at Object.process.env.NODE_ENV.exports.create (node_modules/react-test-renderer/cjs/react-test-renderer.development.js:14598:17)
      at create (node_modules/@testing-library/react-native/src/render-act.ts:15:29)
      at callback (node_modules/@testing-library/react-native/src/act.ts:31:24)
      at process.env.NODE_ENV.exports.act (node_modules/react/cjs/react.development.js:789:22)
      at actImplementation (node_modules/@testing-library/react-native/src/act.ts:30:25)
      at renderWithAct (node_modules/@testing-library/react-native/src/render-act.ts:13:11)
      at renderInternal (node_modules/@testing-library/react-native/src/render.tsx:69:33)
      at renderInternal (node_modules/@testing-library/react-native/src/render.tsx:44:10)
      at renderHook (node_modules/@testing-library/react-native/src/render-hook.tsx:55:58)
      at Object.<anonymous> (hooks/__tests__/useAuth.test.ts:32:34)

    console.error
      react-test-renderer is deprecated. See https://react.dev/warnings/react-test-renderer

    [0m [90m 45 |[39m     })[33m;[39m
     [90m 46 |[39m
    [31m[1m>[22m[39m[90m 47 |[39m     [36mconst[39m { result } [33m=[39m renderHook(() [33m=>[39m useAuth())[33m;[39m
     [90m    |[39m                                  [31m[1m^[22m[39m
     [90m 48 |[39m     [36mawait[39m waitFor(() [33m=>[39m {
     [90m 49 |[39m       expect(result[33m.[39mcurrent[33m.[39mloading)[33m.[39mtoBe([36mfalse[39m)[33m;[39m
     [90m 50 |[39m     })[33m;[39m[0m

      at Object.process.env.NODE_ENV.exports.create (node_modules/react-test-renderer/cjs/react-test-renderer.development.js:14598:17)
      at create (node_modules/@testing-library/react-native/src/render-act.ts:15:29)
      at callback (node_modules/@testing-library/react-native/src/act.ts:31:24)
      at process.env.NODE_ENV.exports.act (node_modules/react/cjs/react.development.js:789:22)
      at actImplementation (node_modules/@testing-library/react-native/src/act.ts:30:25)
      at renderWithAct (node_modules/@testing-library/react-native/src/render-act.ts:13:11)
      at renderInternal (node_modules/@testing-library/react-native/src/render.tsx:69:33)
      at renderInternal (node_modules/@testing-library/react-native/src/render.tsx:44:10)
      at renderHook (node_modules/@testing-library/react-native/src/render-hook.tsx:55:58)
      at Object.<anonymous> (hooks/__tests__/useAuth.test.ts:47:34)

    console.error
      react-test-renderer is deprecated. See https://react.dev/warnings/react-test-renderer

    [0m [90m 66 |[39m     })[33m;[39m
     [90m 67 |[39m
    [31m[1m>[22m[39m[90m 68 |[39m     [36mconst[39m { result } [33m=[39m renderHook(() [33m=>[39m useAuth())[33m;[39m
     [90m    |[39m                                  [31m[1m^[22m[39m
     [90m 69 |[39m     [36mawait[39m waitFor(() [33m=>[39m {
     [90m 70 |[39m       expect(result[33m.[39mcurrent[33m.[39mloading)[33m.[39mtoBe([36mfalse[39m)[33m;[39m
     [90m 71 |[39m     })[33m;[39m[0m

      at Object.process.env.NODE_ENV.exports.create (node_modules/react-test-renderer/cjs/react-test-renderer.development.js:14598:17)
      at create (node_modules/@testing-library/react-native/src/render-act.ts:15:29)
      at callback (node_modules/@testing-library/react-native/src/act.ts:31:24)
      at process.env.NODE_ENV.exports.act (node_modules/react/cjs/react.development.js:789:22)
      at actImplementation (node_modules/@testing-library/react-native/src/act.ts:30:25)
      at renderWithAct (node_modules/@testing-library/react-native/src/render-act.ts:13:11)
      at renderInternal (node_modules/@testing-library/react-native/src/render.tsx:69:33)
      at renderInternal (node_modules/@testing-library/react-native/src/render.tsx:44:10)
      at renderHook (node_modules/@testing-library/react-native/src/render-hook.tsx:55:58)
      at Object.<anonymous> (hooks/__tests__/useAuth.test.ts:68:34)

    console.error
      react-test-renderer is deprecated. See https://react.dev/warnings/react-test-renderer

    [0m [90m 87 |[39m     mockSupabase[33m.[39m[36mfrom[39m[33m.[39mmockReturnValue(mockInsertChain)[33m;[39m
     [90m 88 |[39m
    [31m[1m>[22m[39m[90m 89 |[39m     [36mconst[39m { result } [33m=[39m renderHook(() [33m=>[39m useAuth())[33m;[39m
     [90m    |[39m                                  [31m[1m^[22m[39m
     [90m 90 |[39m     [36mawait[39m waitFor(() [33m=>[39m {
     [90m 91 |[39m       expect(result[33m.[39mcurrent[33m.[39mloading)[33m.[39mtoBe([36mfalse[39m)[33m;[39m
     [90m 92 |[39m     })[33m;[39m[0m

      at Object.process.env.NODE_ENV.exports.create (node_modules/react-test-renderer/cjs/react-test-renderer.development.js:14598:17)
      at create (node_modules/@testing-library/react-native/src/render-act.ts:15:29)
      at callback (node_modules/@testing-library/react-native/src/act.ts:31:24)
      at process.env.NODE_ENV.exports.act (node_modules/react/cjs/react.development.js:789:22)
      at actImplementation (node_modules/@testing-library/react-native/src/act.ts:30:25)
      at renderWithAct (node_modules/@testing-library/react-native/src/render-act.ts:13:11)
      at renderInternal (node_modules/@testing-library/react-native/src/render.tsx:69:33)
      at renderInternal (node_modules/@testing-library/react-native/src/render.tsx:44:10)
      at renderHook (node_modules/@testing-library/react-native/src/render-hook.tsx:55:58)
      at Object.<anonymous> (hooks/__tests__/useAuth.test.ts:89:34)

    console.error
      react-test-renderer is deprecated. See https://react.dev/warnings/react-test-renderer

    [0m [90m 112 |[39m     mockSupabase[33m.[39mauth[33m.[39msignOut[33m.[39mmockResolvedValue({ error[33m:[39m [36mnull[39m })[33m;[39m
     [90m 113 |[39m
    [31m[1m>[22m[39m[90m 114 |[39m     [36mconst[39m { result } [33m=[39m renderHook(() [33m=>[39m useAuth())[33m;[39m
     [90m     |[39m                                  [31m[1m^[22m[39m
     [90m 115 |[39m     [36mawait[39m waitFor(() [33m=>[39m {
     [90m 116 |[39m       expect(result[33m.[39mcurrent[33m.[39mloading)[33m.[39mtoBe([36mfalse[39m)[33m;[39m
     [90m 117 |[39m     })[33m;[39m[0m

      at Object.process.env.NODE_ENV.exports.create (node_modules/react-test-renderer/cjs/react-test-renderer.development.js:14598:17)
      at create (node_modules/@testing-library/react-native/src/render-act.ts:15:29)
      at callback (node_modules/@testing-library/react-native/src/act.ts:31:24)
      at process.env.NODE_ENV.exports.act (node_modules/react/cjs/react.development.js:789:22)
      at actImplementation (node_modules/@testing-library/react-native/src/act.ts:30:25)
      at renderWithAct (node_modules/@testing-library/react-native/src/render-act.ts:13:11)
      at renderInternal (node_modules/@testing-library/react-native/src/render.tsx:69:33)
      at renderInternal (node_modules/@testing-library/react-native/src/render.tsx:44:10)
      at renderHook (node_modules/@testing-library/react-native/src/render-hook.tsx:55:58)
      at Object.<anonymous> (hooks/__tests__/useAuth.test.ts:114:34)

    console.error
      react-test-renderer is deprecated. See https://react.dev/warnings/react-test-renderer

    [0m [90m 127 |[39m     mockSupabase[33m.[39mauth[33m.[39mresetPasswordForEmail[33m.[39mmockResolvedValue({ error[33m:[39m [36mnull[39m 
})[33m;[39m
     [90m 128 |[39m
    [31m[1m>[22m[39m[90m 129 |[39m     [36mconst[39m { result } [33m=[39m renderHook(() [33m=>[39m useAuth())[33m;[39m
     [90m     |[39m                                  [31m[1m^[22m[39m
     [90m 130 |[39m     [36mawait[39m waitFor(() [33m=>[39m {
     [90m 131 |[39m       expect(result[33m.[39mcurrent[33m.[39mloading)[33m.[39mtoBe([36mfalse[39m)[33m;[39m
     [90m 132 |[39m     })[33m;[39m[0m

      at Object.process.env.NODE_ENV.exports.create (node_modules/react-test-renderer/cjs/react-test-renderer.development.js:14598:17)
      at create (node_modules/@testing-library/react-native/src/render-act.ts:15:29)
      at callback (node_modules/@testing-library/react-native/src/act.ts:31:24)
      at process.env.NODE_ENV.exports.act (node_modules/react/cjs/react.development.js:789:22)
      at actImplementation (node_modules/@testing-library/react-native/src/act.ts:30:25)
      at renderWithAct (node_modules/@testing-library/react-native/src/render-act.ts:13:11)
      at renderInternal (node_modules/@testing-library/react-native/src/render.tsx:69:33)
      at renderInternal (node_modules/@testing-library/react-native/src/render.tsx:44:10)
      at renderHook (node_modules/@testing-library/react-native/src/render-hook.tsx:55:58)
      at Object.<anonymous> (hooks/__tests__/useAuth.test.ts:129:34)

    console.error
      react-test-renderer is deprecated. See https://react.dev/warnings/react-test-renderer

    [0m [90m 142 |[39m
     [90m 143 |[39m   it([32m'returns all expected properties'[39m[33m,[39m [36masync[39m () [33m=>[39m {
    [31m[1m>[22m[39m[90m 144 |[39m     [36mconst[39m { result } [33m=[39m renderHook(() [33m=>[39m useAuth())[33m;[39m
     [90m     |[39m                                  [31m[1m^[22m[39m
     [90m 145 |[39m     [36mawait[39m waitFor(() [33m=>[39m {
     [90m 146 |[39m       expect(result[33m.[39mcurrent[33m.[39mloading)[33m.[39mtoBe([36mfalse[39m)[33m;[39m
     [90m 147 |[39m     })[33m;[39m[0m

      at Object.process.env.NODE_ENV.exports.create (node_modules/react-test-renderer/cjs/react-test-renderer.development.js:14598:17)
      at create (node_modules/@testing-library/react-native/src/render-act.ts:15:29)
      at callback (node_modules/@testing-library/react-native/src/act.ts:31:24)
      at process.env.NODE_ENV.exports.act (node_modules/react/cjs/react.development.js:789:22)
      at actImplementation (node_modules/@testing-library/react-native/src/act.ts:30:25)
      at renderWithAct (node_modules/@testing-library/react-native/src/render-act.ts:13:11)
      at renderInternal (node_modules/@testing-library/react-native/src/render.tsx:69:33)
      at renderInternal (node_modules/@testing-library/react-native/src/render.tsx:44:10)
      at renderHook (node_modules/@testing-library/react-native/src/render-hook.tsx:55:58)
      at Object.<anonymous> (hooks/__tests__/useAuth.test.ts:144:34)

FAIL app/__tests__/modal.test.tsx
  ΓùÅ Test suite failed to run

    Jest encountered an unexpected token

    Jest failed to parse a file. This happens e.g. when your code or its dependencies use non-standard JavaScript syntax, or when Jest is not configured to 
support such syntax.

    Out of the box Jest supports Babel, which will be used to transform your files into valid JS based on your Babel configuration.

    By default "node_modules" folder is ignored by transformers.

    Here's what you can do:
     ΓÇó If you are trying to use ECMAScript Modules, see https://jestjs.io/docs/ecmascript-modules for how to enable it.
     ΓÇó If you are trying to use TypeScript, see https://jestjs.io/docs/getting-started#using-typescript
     ΓÇó To have some of your "node_modules" files transformed, you can specify a custom "transformIgnorePatterns" in your config.
     ΓÇó If you need a custom transformation, specify a "transform" option in your config.
     ΓÇó If you simply want to mock your non-JS modules (e.g. binary assets) you can stub them out with the "moduleNameMapper" config option.

    You'll find more details and examples of these config options in the docs:
    https://jestjs.io/docs/configuration
    For information about custom transformations, see:
    https://jestjs.io/docs/code-transformation

    Details:

    C:\Users\rober\OneDrive\Escritorio\BD Calendar Project\BirthdayCalendar\node_modules\expo-file-system\legacy.ts:1
    export * from './src/legacy';
    ^^^^^^

    SyntaxError: Unexpected token 'export'

    [0m [90m  7 |[39m [36mimport[39m { useGroups } [36mfrom[39m [32m'../hooks/useGroups'[39m[33m;[39m
     [90m  8 |[39m [36mimport[39m { decode } [36mfrom[39m [32m'base64-arraybuffer'[39m[33m;[39m
    [31m[1m>[22m[39m[90m  9 |[39m [36mimport[39m [33m*[39m [36mas[39m [33mFileSystem[39m [36mfrom[39m 
[32m'expo-file-system/legacy'[39m[33m;[39m
     [90m    |[39m [31m[1m^[22m[39m
     [90m 10 |[39m [36mimport[39m { supabase } [36mfrom[39m [32m'../lib/supabase'[39m[33m;[39m
     [90m 11 |[39m [36mimport[39m {
     [90m 12 |[39m   [33mBirthdayForm[39m[33m,[39m[0m

      at Runtime.createScriptFromCode (node_modules/jest-runtime/build/index.js:1318:40)
      at Object.<anonymous> (app/modal.tsx:9:1)
      at Object.<anonymous> (app/__tests__/modal.test.tsx:3:1)

(node:30092) [DEP0040] DeprecationWarning: The `punycode` module is deprecated. Please use a userland alternative instead.
(Use `node --trace-deprecation ...` to show where the warning was created)
(node:29384) [DEP0040] DeprecationWarning: The `punycode` module is deprecated. Please use a userland alternative instead.
(Use `node --trace-deprecation ...` to show where the warning was created)
PASS components/ui/__tests__/Avatar.test.tsx (13.314 s)
  ΓùÅ Console

    console.error
      react-test-renderer is deprecated. See https://react.dev/warnings/react-test-renderer

    [0m [90m  5 |[39m describe([32m'Avatar'[39m[33m,[39m () [33m=>[39m {
     [90m  6 |[39m   it([32m'renders fallback icon when no uri provided'[39m[33m,[39m () [33m=>[39m {
    [31m[1m>[22m[39m[90m  7 |[39m     [36mconst[39m { toJSON } [33m=[39m render([33m<[39m[33mAvatar[39m [33m/[39m[33m>[39m)[33m;[39m
     [90m    |[39m                              [31m[1m^[22m[39m
     [90m  8 |[39m     [36mconst[39m tree [33m=[39m toJSON()[33m;[39m
     [90m  9 |[39m     [90m// Should render without crashing and use default size[39m
     [90m 10 |[39m     expect(tree)[33m.[39mtoBeTruthy()[33m;[39m[0m

      at Object.process.env.NODE_ENV.exports.create (node_modules/react-test-renderer/cjs/react-test-renderer.development.js:14598:17)
      at create (node_modules/@testing-library/react-native/src/render-act.ts:15:29)
      at callback (node_modules/@testing-library/react-native/src/act.ts:31:24)
      at process.env.NODE_ENV.exports.act (node_modules/react/cjs/react.development.js:789:22)
      at actImplementation (node_modules/@testing-library/react-native/src/act.ts:30:25)
      at renderWithAct (node_modules/@testing-library/react-native/src/render-act.ts:13:11)
      at renderInternal (node_modules/@testing-library/react-native/src/render.tsx:69:33)
      at renderInternal (node_modules/@testing-library/react-native/src/render.tsx:44:10)
      at Object.<anonymous> (components/ui/__tests__/Avatar.test.tsx:7:30)

    console.error
      react-test-renderer is deprecated. See https://react.dev/warnings/react-test-renderer

    [0m [90m 12 |[39m
     [90m 13 |[39m   it([32m'renders image when uri is provided'[39m[33m,[39m () [33m=>[39m {
    [31m[1m>[22m[39m[90m 14 |[39m     [36mconst[39m { toJSON } [33m=[39m render([33m<[39m[33mAvatar[39m 
uri[33m=[39m[32m"https://example.com/photo.jpg"[39m [33m/[39m[33m>[39m)[33m;[39m
     [90m    |[39m                              [31m[1m^[22m[39m
     [90m 15 |[39m     [36mconst[39m tree [33m=[39m toJSON()[33m;[39m
     [90m 16 |[39m     expect(tree)[33m.[39mtoBeTruthy()[33m;[39m
     [90m 17 |[39m   })[33m;[39m[0m

      at Object.process.env.NODE_ENV.exports.create (node_modules/react-test-renderer/cjs/react-test-renderer.development.js:14598:17)
      at create (node_modules/@testing-library/react-native/src/render-act.ts:15:29)
      at callback (node_modules/@testing-library/react-native/src/act.ts:31:24)
      at process.env.NODE_ENV.exports.act (node_modules/react/cjs/react.development.js:789:22)
      at actImplementation (node_modules/@testing-library/react-native/src/act.ts:30:25)
      at renderWithAct (node_modules/@testing-library/react-native/src/render-act.ts:13:11)
      at renderInternal (node_modules/@testing-library/react-native/src/render.tsx:69:33)
      at renderInternal (node_modules/@testing-library/react-native/src/render.tsx:44:10)
      at Object.<anonymous> (components/ui/__tests__/Avatar.test.tsx:14:30)

    console.error
      react-test-renderer is deprecated. See https://react.dev/warnings/react-test-renderer

    [0m [90m 18 |[39m
     [90m 19 |[39m   it([32m'applies custom size'[39m[33m,[39m () [33m=>[39m {
    [31m[1m>[22m[39m[90m 20 |[39m     [36mconst[39m { toJSON } [33m=[39m render([33m<[39m[33mAvatar[39m size[33m=[39m{[35m80[39m} 
[33m/[39m[33m>[39m)[33m;[39m
     [90m    |[39m                              [31m[1m^[22m[39m
     [90m 21 |[39m     [36mconst[39m tree [33m=[39m toJSON()[33m;[39m
     [90m 22 |[39m     expect(tree)[33m.[39mtoBeTruthy()[33m;[39m
     [90m 23 |[39m   })[33m;[39m[0m

      at Object.process.env.NODE_ENV.exports.create (node_modules/react-test-renderer/cjs/react-test-renderer.development.js:14598:17)
      at create (node_modules/@testing-library/react-native/src/render-act.ts:15:29)
      at callback (node_modules/@testing-library/react-native/src/act.ts:31:24)
      at process.env.NODE_ENV.exports.act (node_modules/react/cjs/react.development.js:789:22)
      at actImplementation (node_modules/@testing-library/react-native/src/act.ts:30:25)
      at renderWithAct (node_modules/@testing-library/react-native/src/render-act.ts:13:11)
      at renderInternal (node_modules/@testing-library/react-native/src/render.tsx:69:33)
      at renderInternal (node_modules/@testing-library/react-native/src/render.tsx:44:10)
      at Object.<anonymous> (components/ui/__tests__/Avatar.test.tsx:20:30)

    console.error
      react-test-renderer is deprecated. See https://react.dev/warnings/react-test-renderer

    [0m [90m 25 |[39m   it([32m'wraps in Pressable when onPress is provided'[39m[33m,[39m () [33m=>[39m {
     [90m 26 |[39m     [36mconst[39m onPress [33m=[39m jest[33m.[39mfn()[33m;[39m
    [31m[1m>[22m[39m[90m 27 |[39m     [36mconst[39m { toJSON } [33m=[39m render([33m<[39m[33mAvatar[39m onPress[33m=[39m{onPress} 
[33m/[39m[33m>[39m)[33m;[39m
     [90m    |[39m                              [31m[1m^[22m[39m
     [90m 28 |[39m     [36mconst[39m tree [33m=[39m toJSON()[33m;[39m
     [90m 29 |[39m     expect(tree)[33m.[39mtoBeTruthy()[33m;[39m
     [90m 30 |[39m     [90m// When onPress is provided, wrapper should be Pressable[39m[0m

      at Object.process.env.NODE_ENV.exports.create (node_modules/react-test-renderer/cjs/react-test-renderer.development.js:14598:17)
      at create (node_modules/@testing-library/react-native/src/render-act.ts:15:29)
      at callback (node_modules/@testing-library/react-native/src/act.ts:31:24)
      at process.env.NODE_ENV.exports.act (node_modules/react/cjs/react.development.js:789:22)
      at actImplementation (node_modules/@testing-library/react-native/src/act.ts:30:25)
      at renderWithAct (node_modules/@testing-library/react-native/src/render-act.ts:13:11)
      at renderInternal (node_modules/@testing-library/react-native/src/render.tsx:69:33)
      at renderInternal (node_modules/@testing-library/react-native/src/render.tsx:44:10)
      at Object.<anonymous> (components/ui/__tests__/Avatar.test.tsx:27:30)

    console.error
      react-test-renderer is deprecated. See https://react.dev/warnings/react-test-renderer

    [0m [90m 35 |[39m
     [90m 36 |[39m   it([32m'renders as View (not Pressable) when no onPress'[39m[33m,[39m () [33m=>[39m {
    [31m[1m>[22m[39m[90m 37 |[39m     [36mconst[39m { toJSON } [33m=[39m render([33m<[39m[33mAvatar[39m [33m/[39m[33m>[39m)[33m;[39m
     [90m    |[39m                              [31m[1m^[22m[39m
     [90m 38 |[39m     [36mconst[39m tree [33m=[39m toJSON()[33m;[39m
     [90m 39 |[39m     expect(tree)[33m.[39mtoBeTruthy()[33m;[39m
     [90m 40 |[39m     [90m// No onPress means wrapper is View, not Pressable[39m[0m

      at Object.process.env.NODE_ENV.exports.create (node_modules/react-test-renderer/cjs/react-test-renderer.development.js:14598:17)
      at create (node_modules/@testing-library/react-native/src/render-act.ts:15:29)
      at callback (node_modules/@testing-library/react-native/src/act.ts:31:24)
      at process.env.NODE_ENV.exports.act (node_modules/react/cjs/react.development.js:789:22)
      at actImplementation (node_modules/@testing-library/react-native/src/act.ts:30:25)
      at renderWithAct (node_modules/@testing-library/react-native/src/render-act.ts:13:11)
      at renderInternal (node_modules/@testing-library/react-native/src/render.tsx:69:33)
      at renderInternal (node_modules/@testing-library/react-native/src/render.tsx:44:10)
      at Object.<anonymous> (components/ui/__tests__/Avatar.test.tsx:37:30)

(node:8604) [DEP0040] DeprecationWarning: The `punycode` module is deprecated. Please use a userland alternative instead.
(Use `node --trace-deprecation ...` to show where the warning was created)
(node:31120) [DEP0040] DeprecationWarning: The `punycode` module is deprecated. Please use a userland alternative instead.
(Use `node --trace-deprecation ...` to show where the warning was created)
PASS components/ui/__tests__/TopBar.test.tsx (13.548 s)
  ΓùÅ Console

    console.error
      react-test-renderer is deprecated. See https://react.dev/warnings/react-test-renderer

    [0m [90m  6 |[39m describe([32m'TopBar'[39m[33m,[39m () [33m=>[39m {
     [90m  7 |[39m   it([32m'renders with title'[39m[33m,[39m () [33m=>[39m {
    [31m[1m>[22m[39m[90m  8 |[39m     [36mconst[39m { getByText } [33m=[39m render([33m<[39m[33mTopBar[39m title[33m=[39m[32m"Home"[39m 
[33m/[39m[33m>[39m)[33m;[39m
     [90m    |[39m                                 [31m[1m^[22m[39m
     [90m  9 |[39m     expect(getByText([32m'Home'[39m))[33m.[39mtoBeTruthy()[33m;[39m
     [90m 10 |[39m   })[33m;[39m
     [90m 11 |[39m[0m

      at Object.process.env.NODE_ENV.exports.create (node_modules/react-test-renderer/cjs/react-test-renderer.development.js:14598:17)
      at create (node_modules/@testing-library/react-native/src/render-act.ts:15:29)
      at callback (node_modules/@testing-library/react-native/src/act.ts:31:24)
      at process.env.NODE_ENV.exports.act (node_modules/react/cjs/react.development.js:789:22)
      at actImplementation (node_modules/@testing-library/react-native/src/act.ts:30:25)
      at renderWithAct (node_modules/@testing-library/react-native/src/render-act.ts:13:11)
      at renderInternal (node_modules/@testing-library/react-native/src/render.tsx:69:33)
      at renderInternal (node_modules/@testing-library/react-native/src/render.tsx:44:10)
      at Object.<anonymous> (components/ui/__tests__/TopBar.test.tsx:8:33)

    console.error
      react-test-renderer is deprecated. See https://react.dev/warnings/react-test-renderer

    [0m [90m 11 |[39m
     [90m 12 |[39m   it([32m'renders without title'[39m[33m,[39m () [33m=>[39m {
    [31m[1m>[22m[39m[90m 13 |[39m     [36mconst[39m { toJSON } [33m=[39m render([33m<[39m[33mTopBar[39m [33m/[39m[33m>[39m)[33m;[39m
     [90m    |[39m                              [31m[1m^[22m[39m
     [90m 14 |[39m     expect(toJSON())[33m.[39mtoBeTruthy()[33m;[39m
     [90m 15 |[39m   })[33m;[39m
     [90m 16 |[39m[0m

      at Object.process.env.NODE_ENV.exports.create (node_modules/react-test-renderer/cjs/react-test-renderer.development.js:14598:17)
      at create (node_modules/@testing-library/react-native/src/render-act.ts:15:29)
      at callback (node_modules/@testing-library/react-native/src/act.ts:31:24)
      at process.env.NODE_ENV.exports.act (node_modules/react/cjs/react.development.js:789:22)
      at actImplementation (node_modules/@testing-library/react-native/src/act.ts:30:25)
      at renderWithAct (node_modules/@testing-library/react-native/src/render-act.ts:13:11)
      at renderInternal (node_modules/@testing-library/react-native/src/render.tsx:69:33)
      at renderInternal (node_modules/@testing-library/react-native/src/render.tsx:44:10)
      at Object.<anonymous> (components/ui/__tests__/TopBar.test.tsx:13:30)

    console.error
      react-test-renderer is deprecated. See https://react.dev/warnings/react-test-renderer

    [0m [90m 16 |[39m
     [90m 17 |[39m   it([32m'renders right action when provided'[39m[33m,[39m () [33m=>[39m {
    [31m[1m>[22m[39m[90m 18 |[39m     [36mconst[39m { getByText } [33m=[39m render(
     [90m    |[39m                                 [31m[1m^[22m[39m
     [90m 19 |[39m       [33m<[39m[33mTopBar[39m title[33m=[39m[32m"Test"[39m 
rightAction[33m=[39m{[33m<[39m[33mText[39m[33m>[39m[33mSettings[39m[33m<[39m[35m/Text>} /[39m[33m>[39m
     [90m 20 |[39m     )[33m;[39m
     [90m 21 |[39m     expect(getByText([32m'Settings'[39m))[33m.[39mtoBeTruthy()[33m;[39m[0m

      at Object.process.env.NODE_ENV.exports.create (node_modules/react-test-renderer/cjs/react-test-renderer.development.js:14598:17)
      at create (node_modules/@testing-library/react-native/src/render-act.ts:15:29)
      at callback (node_modules/@testing-library/react-native/src/act.ts:31:24)
      at process.env.NODE_ENV.exports.act (node_modules/react/cjs/react.development.js:789:22)
      at actImplementation (node_modules/@testing-library/react-native/src/act.ts:30:25)
      at renderWithAct (node_modules/@testing-library/react-native/src/render-act.ts:13:11)
      at renderInternal (node_modules/@testing-library/react-native/src/render.tsx:69:33)
      at renderInternal (node_modules/@testing-library/react-native/src/render.tsx:44:10)
      at Object.<anonymous> (components/ui/__tests__/TopBar.test.tsx:18:33)

    console.error
      react-test-renderer is deprecated. See https://react.dev/warnings/react-test-renderer

    [0m [90m 23 |[39m
     [90m 24 |[39m   it([32m'renders avatar by default'[39m[33m,[39m () [33m=>[39m {
    [31m[1m>[22m[39m[90m 25 |[39m     [36mconst[39m { toJSON } [33m=[39m render([33m<[39m[33mTopBar[39m title[33m=[39m[32m"Home"[39m 
[33m/[39m[33m>[39m)[33m;[39m
     [90m    |[39m                              [31m[1m^[22m[39m
     [90m 26 |[39m     [36mconst[39m tree [33m=[39m toJSON()[33m;[39m
     [90m 27 |[39m     expect(tree)[33m.[39mtoBeTruthy()[33m;[39m
     [90m 28 |[39m   })[33m;[39m[0m

      at Object.process.env.NODE_ENV.exports.create (node_modules/react-test-renderer/cjs/react-test-renderer.development.js:14598:17)
      at create (node_modules/@testing-library/react-native/src/render-act.ts:15:29)
      at callback (node_modules/@testing-library/react-native/src/act.ts:31:24)
      at process.env.NODE_ENV.exports.act (node_modules/react/cjs/react.development.js:789:22)
      at actImplementation (node_modules/@testing-library/react-native/src/act.ts:30:25)
      at renderWithAct (node_modules/@testing-library/react-native/src/render-act.ts:13:11)
      at renderInternal (node_modules/@testing-library/react-native/src/render.tsx:69:33)
      at renderInternal (node_modules/@testing-library/react-native/src/render.tsx:44:10)
      at Object.<anonymous> (components/ui/__tests__/TopBar.test.tsx:25:30)

    console.error
      react-test-renderer is deprecated. See https://react.dev/warnings/react-test-renderer

    [0m [90m 29 |[39m
     [90m 30 |[39m   it([32m'hides avatar when showAvatar is false'[39m[33m,[39m () [33m=>[39m {
    [31m[1m>[22m[39m[90m 31 |[39m     [36mconst[39m { toJSON } [33m=[39m render([33m<[39m[33mTopBar[39m title[33m=[39m[32m"Home"[39m 
showAvatar[33m=[39m{[36mfalse[39m} [33m/[39m[33m>[39m)[33m;[39m
     [90m    |[39m                              [31m[1m^[22m[39m
     [90m 32 |[39m     expect(toJSON())[33m.[39mtoBeTruthy()[33m;[39m
     [90m 33 |[39m   })[33m;[39m
     [90m 34 |[39m })[33m;[39m[0m

      at Object.process.env.NODE_ENV.exports.create (node_modules/react-test-renderer/cjs/react-test-renderer.development.js:14598:17)
      at create (node_modules/@testing-library/react-native/src/render-act.ts:15:29)
      at callback (node_modules/@testing-library/react-native/src/act.ts:31:24)
      at process.env.NODE_ENV.exports.act (node_modules/react/cjs/react.development.js:789:22)
      at actImplementation (node_modules/@testing-library/react-native/src/act.ts:30:25)
      at renderWithAct (node_modules/@testing-library/react-native/src/render-act.ts:13:11)
      at renderInternal (node_modules/@testing-library/react-native/src/render.tsx:69:33)
      at renderInternal (node_modules/@testing-library/react-native/src/render.tsx:44:10)
      at Object.<anonymous> (components/ui/__tests__/TopBar.test.tsx:31:30)

PASS hooks/__tests__/useGroups.test.tsx (13.637 s)
  ΓùÅ Console

    console.error
      react-test-renderer is deprecated. See https://react.dev/warnings/react-test-renderer

    [0m [90m 25 |[39m describe([32m'useGroups'[39m[33m,[39m () [33m=>[39m {
     [90m 26 |[39m   it([32m'returns empty groups when no user'[39m[33m,[39m [36masync[39m () [33m=>[39m {
    [31m[1m>[22m[39m[90m 27 |[39m     [36mconst[39m { result } [33m=[39m renderHook(() [33m=>[39m useGroups()[33m,[39m { wrapper })[33m;[39m
     [90m    |[39m                                  [31m[1m^[22m[39m
     [90m 28 |[39m     [36mawait[39m waitFor(() [33m=>[39m {
     [90m 29 |[39m       expect(result[33m.[39mcurrent[33m.[39mloading)[33m.[39mtoBe([36mfalse[39m)[33m;[39m
     [90m 30 |[39m     })[33m;[39m[0m

      at Object.process.env.NODE_ENV.exports.create (node_modules/react-test-renderer/cjs/react-test-renderer.development.js:14598:17)
      at create (node_modules/@testing-library/react-native/src/render-act.ts:15:29)
      at callback (node_modules/@testing-library/react-native/src/act.ts:31:24)
      at process.env.NODE_ENV.exports.act (node_modules/react/cjs/react.development.js:789:22)
      at actImplementation (node_modules/@testing-library/react-native/src/act.ts:30:25)
      at renderWithAct (node_modules/@testing-library/react-native/src/render-act.ts:13:11)
      at renderInternal (node_modules/@testing-library/react-native/src/render.tsx:69:33)
      at renderInternal (node_modules/@testing-library/react-native/src/render.tsx:44:10)
      at renderHook (node_modules/@testing-library/react-native/src/render-hook.tsx:55:58)
      at Object.<anonymous> (hooks/__tests__/useGroups.test.tsx:27:34)

    console.error
      react-test-renderer is deprecated. See https://react.dev/warnings/react-test-renderer

    [0m [90m 33 |[39m
     [90m 34 |[39m   it([32m'returns expected hook API'[39m[33m,[39m [36masync[39m () [33m=>[39m {
    [31m[1m>[22m[39m[90m 35 |[39m     [36mconst[39m { result } [33m=[39m renderHook(() [33m=>[39m useGroups()[33m,[39m { wrapper })[33m;[39m
     [90m    |[39m                                  [31m[1m^[22m[39m
     [90m 36 |[39m     [36mawait[39m waitFor(() [33m=>[39m {
     [90m 37 |[39m       expect(result[33m.[39mcurrent[33m.[39mloading)[33m.[39mtoBe([36mfalse[39m)[33m;[39m
     [90m 38 |[39m     })[33m;[39m[0m

      at Object.process.env.NODE_ENV.exports.create (node_modules/react-test-renderer/cjs/react-test-renderer.development.js:14598:17)
      at create (node_modules/@testing-library/react-native/src/render-act.ts:15:29)
      at callback (node_modules/@testing-library/react-native/src/act.ts:31:24)
      at process.env.NODE_ENV.exports.act (node_modules/react/cjs/react.development.js:789:22)
      at actImplementation (node_modules/@testing-library/react-native/src/act.ts:30:25)
      at renderWithAct (node_modules/@testing-library/react-native/src/render-act.ts:13:11)
      at renderInternal (node_modules/@testing-library/react-native/src/render.tsx:69:33)
      at renderInternal (node_modules/@testing-library/react-native/src/render.tsx:44:10)
      at renderHook (node_modules/@testing-library/react-native/src/render-hook.tsx:55:58)
      at Object.<anonymous> (hooks/__tests__/useGroups.test.tsx:35:34)

    console.error
      react-test-renderer is deprecated. See https://react.dev/warnings/react-test-renderer

    [0m [90m 49 |[39m
     [90m 50 |[39m   it([32m'addGroup is a function'[39m[33m,[39m [36masync[39m () [33m=>[39m {
    [31m[1m>[22m[39m[90m 51 |[39m     [36mconst[39m { result } [33m=[39m renderHook(() [33m=>[39m useGroups()[33m,[39m { wrapper })[33m;[39m
     [90m    |[39m                                  [31m[1m^[22m[39m
     [90m 52 |[39m     [36mawait[39m waitFor(() [33m=>[39m {
     [90m 53 |[39m       expect(result[33m.[39mcurrent[33m.[39mloading)[33m.[39mtoBe([36mfalse[39m)[33m;[39m
     [90m 54 |[39m     })[33m;[39m[0m

      at Object.process.env.NODE_ENV.exports.create (node_modules/react-test-renderer/cjs/react-test-renderer.development.js:14598:17)
      at create (node_modules/@testing-library/react-native/src/render-act.ts:15:29)
      at callback (node_modules/@testing-library/react-native/src/act.ts:31:24)
      at process.env.NODE_ENV.exports.act (node_modules/react/cjs/react.development.js:789:22)
      at actImplementation (node_modules/@testing-library/react-native/src/act.ts:30:25)
      at renderWithAct (node_modules/@testing-library/react-native/src/render-act.ts:13:11)
      at renderInternal (node_modules/@testing-library/react-native/src/render.tsx:69:33)
      at renderInternal (node_modules/@testing-library/react-native/src/render.tsx:44:10)
      at renderHook (node_modules/@testing-library/react-native/src/render-hook.tsx:55:58)
      at Object.<anonymous> (hooks/__tests__/useGroups.test.tsx:51:34)

    console.error
      react-test-renderer is deprecated. See https://react.dev/warnings/react-test-renderer

    [0m [90m 57 |[39m
     [90m 58 |[39m   it([32m'deleteGroup is a function'[39m[33m,[39m [36masync[39m () [33m=>[39m {
    [31m[1m>[22m[39m[90m 59 |[39m     [36mconst[39m { result } [33m=[39m renderHook(() [33m=>[39m useGroups()[33m,[39m { wrapper })[33m;[39m
     [90m    |[39m                                  [31m[1m^[22m[39m
     [90m 60 |[39m     [36mawait[39m waitFor(() [33m=>[39m {
     [90m 61 |[39m       expect(result[33m.[39mcurrent[33m.[39mloading)[33m.[39mtoBe([36mfalse[39m)[33m;[39m
     [90m 62 |[39m     })[33m;[39m[0m

      at Object.process.env.NODE_ENV.exports.create (node_modules/react-test-renderer/cjs/react-test-renderer.development.js:14598:17)
      at create (node_modules/@testing-library/react-native/src/render-act.ts:15:29)
      at callback (node_modules/@testing-library/react-native/src/act.ts:31:24)
      at process.env.NODE_ENV.exports.act (node_modules/react/cjs/react.development.js:789:22)
      at actImplementation (node_modules/@testing-library/react-native/src/act.ts:30:25)
      at renderWithAct (node_modules/@testing-library/react-native/src/render-act.ts:13:11)
      at renderInternal (node_modules/@testing-library/react-native/src/render.tsx:69:33)
      at renderInternal (node_modules/@testing-library/react-native/src/render.tsx:44:10)
      at renderHook (node_modules/@testing-library/react-native/src/render-hook.tsx:55:58)
      at Object.<anonymous> (hooks/__tests__/useGroups.test.tsx:59:34)

    console.error
      react-test-renderer is deprecated. See https://react.dev/warnings/react-test-renderer

    [0m [90m 65 |[39m
     [90m 66 |[39m   it([32m'generateShareCode is a function'[39m[33m,[39m [36masync[39m () [33m=>[39m {
    [31m[1m>[22m[39m[90m 67 |[39m     [36mconst[39m { result } [33m=[39m renderHook(() [33m=>[39m useGroups()[33m,[39m { wrapper })[33m;[39m
     [90m    |[39m                                  [31m[1m^[22m[39m
     [90m 68 |[39m     [36mawait[39m waitFor(() [33m=>[39m {
     [90m 69 |[39m       expect(result[33m.[39mcurrent[33m.[39mloading)[33m.[39mtoBe([36mfalse[39m)[33m;[39m
     [90m 70 |[39m     })[33m;[39m[0m

      at Object.process.env.NODE_ENV.exports.create (node_modules/react-test-renderer/cjs/react-test-renderer.development.js:14598:17)
      at create (node_modules/@testing-library/react-native/src/render-act.ts:15:29)
      at callback (node_modules/@testing-library/react-native/src/act.ts:31:24)
      at process.env.NODE_ENV.exports.act (node_modules/react/cjs/react.development.js:789:22)
      at actImplementation (node_modules/@testing-library/react-native/src/act.ts:30:25)
      at renderWithAct (node_modules/@testing-library/react-native/src/render-act.ts:13:11)
      at renderInternal (node_modules/@testing-library/react-native/src/render.tsx:69:33)
      at renderInternal (node_modules/@testing-library/react-native/src/render.tsx:44:10)
      at renderHook (node_modules/@testing-library/react-native/src/render-hook.tsx:55:58)
      at Object.<anonymous> (hooks/__tests__/useGroups.test.tsx:67:34)

(node:1864) [DEP0040] DeprecationWarning: The `punycode` module is deprecated. Please use a userland alternative instead.
(Use `node --trace-deprecation ...` to show where the warning was created)
PASS lib/__tests__/dateHelpers.test.ts (13.704 s)
(node:12756) [DEP0040] DeprecationWarning: The `punycode` module is deprecated. Please use a userland alternative instead.
(Use `node --trace-deprecation ...` to show where the warning was created)
PASS components/ui/__tests__/FAB.test.tsx
  ΓùÅ Console

    console.error
      react-test-renderer is deprecated. See https://react.dev/warnings/react-test-renderer

    [0m [90m  5 |[39m describe([32m'FAB'[39m[33m,[39m () [33m=>[39m {
     [90m  6 |[39m   it([32m'renders when visible is true'[39m[33m,[39m () [33m=>[39m {
    [31m[1m>[22m[39m[90m  7 |[39m     [36mconst[39m { toJSON } [33m=[39m render([33m<[39m[33mFAB[39m visible[33m=[39m{[36mtrue[39m} 
[33m/[39m[33m>[39m)[33m;[39m
     [90m    |[39m                              [31m[1m^[22m[39m
     [90m  8 |[39m     expect(toJSON())[33m.[39mtoBeTruthy()[33m;[39m
     [90m  9 |[39m   })[33m;[39m
     [90m 10 |[39m[0m

      at Object.process.env.NODE_ENV.exports.create (node_modules/react-test-renderer/cjs/react-test-renderer.development.js:14598:17)
      at create (node_modules/@testing-library/react-native/src/render-act.ts:15:29)
      at callback (node_modules/@testing-library/react-native/src/act.ts:31:24)
      at process.env.NODE_ENV.exports.act (node_modules/react/cjs/react.development.js:789:22)
      at actImplementation (node_modules/@testing-library/react-native/src/act.ts:30:25)
      at renderWithAct (node_modules/@testing-library/react-native/src/render-act.ts:13:11)
      at renderInternal (node_modules/@testing-library/react-native/src/render.tsx:69:33)
      at renderInternal (node_modules/@testing-library/react-native/src/render.tsx:44:10)
      at Object.<anonymous> (components/ui/__tests__/FAB.test.tsx:7:30)

    console.error
      react-test-renderer is deprecated. See https://react.dev/warnings/react-test-renderer

    [0m [90m 10 |[39m
     [90m 11 |[39m   it([32m'renders by default (visible defaults to true)'[39m[33m,[39m () [33m=>[39m {
    [31m[1m>[22m[39m[90m 12 |[39m     [36mconst[39m { toJSON } [33m=[39m render([33m<[39m[33mFAB[39m [33m/[39m[33m>[39m)[33m;[39m
     [90m    |[39m                              [31m[1m^[22m[39m
     [90m 13 |[39m     expect(toJSON())[33m.[39mtoBeTruthy()[33m;[39m
     [90m 14 |[39m   })[33m;[39m
     [90m 15 |[39m[0m

      at Object.process.env.NODE_ENV.exports.create (node_modules/react-test-renderer/cjs/react-test-renderer.development.js:14598:17)
      at create (node_modules/@testing-library/react-native/src/render-act.ts:15:29)
      at callback (node_modules/@testing-library/react-native/src/act.ts:31:24)
      at process.env.NODE_ENV.exports.act (node_modules/react/cjs/react.development.js:789:22)
      at actImplementation (node_modules/@testing-library/react-native/src/act.ts:30:25)
      at renderWithAct (node_modules/@testing-library/react-native/src/render-act.ts:13:11)
      at renderInternal (node_modules/@testing-library/react-native/src/render.tsx:69:33)
      at renderInternal (node_modules/@testing-library/react-native/src/render.tsx:44:10)
      at Object.<anonymous> (components/ui/__tests__/FAB.test.tsx:12:30)

    console.error
      react-test-renderer is deprecated. See https://react.dev/warnings/react-test-renderer

    [0m [90m 15 |[39m
     [90m 16 |[39m   it([32m'returns null when visible is false'[39m[33m,[39m () [33m=>[39m {
    [31m[1m>[22m[39m[90m 17 |[39m     [36mconst[39m { toJSON } [33m=[39m render([33m<[39m[33mFAB[39m visible[33m=[39m{[36mfalse[39m} 
[33m/[39m[33m>[39m)[33m;[39m
     [90m    |[39m                              [31m[1m^[22m[39m
     [90m 18 |[39m     expect(toJSON())[33m.[39mtoBeNull()[33m;[39m
     [90m 19 |[39m   })[33m;[39m
     [90m 20 |[39m })[33m;[39m[0m

      at Object.process.env.NODE_ENV.exports.create (node_modules/react-test-renderer/cjs/react-test-renderer.development.js:14598:17)
      at create (node_modules/@testing-library/react-native/src/render-act.ts:15:29)
      at callback (node_modules/@testing-library/react-native/src/act.ts:31:24)
      at process.env.NODE_ENV.exports.act (node_modules/react/cjs/react.development.js:789:22)
      at actImplementation (node_modules/@testing-library/react-native/src/act.ts:30:25)
      at renderWithAct (node_modules/@testing-library/react-native/src/render-act.ts:13:11)
      at renderInternal (node_modules/@testing-library/react-native/src/render.tsx:69:33)
      at renderInternal (node_modules/@testing-library/react-native/src/render.tsx:44:10)
      at Object.<anonymous> (components/ui/__tests__/FAB.test.tsx:17:30)

(node:4276) [DEP0040] DeprecationWarning: The `punycode` module is deprecated. Please use a userland alternative instead.
(Use `node --trace-deprecation ...` to show where the warning was created)
PASS components/birthday/__tests__/BirthdayForm.test.tsx (14.137 s)
  ΓùÅ Console

    console.error
      react-test-renderer is deprecated. See https://react.dev/warnings/react-test-renderer

    [0m [90m 29 |[39m
     [90m 30 |[39m   it([32m'renders all form fields'[39m[33m,[39m () [33m=>[39m {
    [31m[1m>[22m[39m[90m 31 |[39m     [36mconst[39m { getByPlaceholderText[33m,[39m getByText } [33m=[39m render(
     [90m    |[39m                                                       [31m[1m^[22m[39m
     [90m 32 |[39m       [33m<[39m[33mBirthdayForm[39m onSubmit[33m=[39m{mockSubmit} onCancel[33m=[39m{mockCancel} [33m/[39m[33m>[39m
     [90m 33 |[39m     )[33m;[39m
     [90m 34 |[39m[0m

      at Object.process.env.NODE_ENV.exports.create (node_modules/react-test-renderer/cjs/react-test-renderer.development.js:14598:17)
      at create (node_modules/@testing-library/react-native/src/render-act.ts:15:29)
      at callback (node_modules/@testing-library/react-native/src/act.ts:31:24)
      at process.env.NODE_ENV.exports.act (node_modules/react/cjs/react.development.js:789:22)
      at actImplementation (node_modules/@testing-library/react-native/src/act.ts:30:25)
      at renderWithAct (node_modules/@testing-library/react-native/src/render-act.ts:13:11)
      at renderInternal (node_modules/@testing-library/react-native/src/render.tsx:69:33)
      at renderInternal (node_modules/@testing-library/react-native/src/render.tsx:44:10)
      at Object.<anonymous> (components/birthday/__tests__/BirthdayForm.test.tsx:31:55)

    console.error
      react-test-renderer is deprecated. See https://react.dev/warnings/react-test-renderer

    [0m [90m 42 |[39m
     [90m 43 |[39m   it([32m'calls onCancel when Cancel is pressed'[39m[33m,[39m () [33m=>[39m {
    [31m[1m>[22m[39m[90m 44 |[39m     [36mconst[39m { getByText } [33m=[39m render(
     [90m    |[39m                                 [31m[1m^[22m[39m
     [90m 45 |[39m       [33m<[39m[33mBirthdayForm[39m onSubmit[33m=[39m{mockSubmit} onCancel[33m=[39m{mockCancel} [33m/[39m[33m>[39m
     [90m 46 |[39m     )[33m;[39m
     [90m 47 |[39m[0m

      at Object.process.env.NODE_ENV.exports.create (node_modules/react-test-renderer/cjs/react-test-renderer.development.js:14598:17)
      at create (node_modules/@testing-library/react-native/src/render-act.ts:15:29)
      at callback (node_modules/@testing-library/react-native/src/act.ts:31:24)
      at process.env.NODE_ENV.exports.act (node_modules/react/cjs/react.development.js:789:22)
      at actImplementation (node_modules/@testing-library/react-native/src/act.ts:30:25)
      at renderWithAct (node_modules/@testing-library/react-native/src/render-act.ts:13:11)
      at renderInternal (node_modules/@testing-library/react-native/src/render.tsx:69:33)
      at renderInternal (node_modules/@testing-library/react-native/src/render.tsx:44:10)
      at Object.<anonymous> (components/birthday/__tests__/BirthdayForm.test.tsx:44:33)

    console.error
      react-test-renderer is deprecated. See https://react.dev/warnings/react-test-renderer

    [0m [90m 52 |[39m   it([32m'shows alert when submitting without a name'[39m[33m,[39m () [33m=>[39m {
     [90m 53 |[39m     [36mconst[39m alertSpy [33m=[39m jest[33m.[39mspyOn(global[33m,[39m [32m'alert'[39m)[33m.[39mmockImplementation(() 
[33m=>[39m {})[33m;[39m
    [31m[1m>[22m[39m[90m 54 |[39m     [36mconst[39m { getByPlaceholderText[33m,[39m getByText } [33m=[39m render(
     [90m    |[39m                                                       [31m[1m^[22m[39m
     [90m 55 |[39m       [33m<[39m[33mBirthdayForm[39m onSubmit[33m=[39m{mockSubmit} onCancel[33m=[39m{mockCancel} [33m/[39m[33m>[39m
     [90m 56 |[39m     )[33m;[39m
     [90m 57 |[39m[0m

      at Object.process.env.NODE_ENV.exports.create (node_modules/react-test-renderer/cjs/react-test-renderer.development.js:14598:17)
      at create (node_modules/@testing-library/react-native/src/render-act.ts:15:29)
      at callback (node_modules/@testing-library/react-native/src/act.ts:31:24)
      at process.env.NODE_ENV.exports.act (node_modules/react/cjs/react.development.js:789:22)
      at actImplementation (node_modules/@testing-library/react-native/src/act.ts:30:25)
      at renderWithAct (node_modules/@testing-library/react-native/src/render-act.ts:13:11)
      at renderInternal (node_modules/@testing-library/react-native/src/render.tsx:69:33)
      at renderInternal (node_modules/@testing-library/react-native/src/render.tsx:44:10)
      at Object.<anonymous> (components/birthday/__tests__/BirthdayForm.test.tsx:54:55)

    console.error
      react-test-renderer is deprecated. See https://react.dev/warnings/react-test-renderer

    [0m [90m 67 |[39m   it([32m'shows alert when submitting without a valid day'[39m[33m,[39m () [33m=>[39m {
     [90m 68 |[39m     [36mconst[39m alertSpy [33m=[39m jest[33m.[39mspyOn(global[33m,[39m [32m'alert'[39m)[33m.[39mmockImplementation(() 
[33m=>[39m {})[33m;[39m
    [31m[1m>[22m[39m[90m 69 |[39m     [36mconst[39m { getByPlaceholderText[33m,[39m getByText } [33m=[39m render(
     [90m    |[39m                                                       [31m[1m^[22m[39m
     [90m 70 |[39m       [33m<[39m[33mBirthdayForm[39m onSubmit[33m=[39m{mockSubmit} onCancel[33m=[39m{mockCancel} [33m/[39m[33m>[39m
     [90m 71 |[39m     )[33m;[39m
     [90m 72 |[39m[0m

      at Object.process.env.NODE_ENV.exports.create (node_modules/react-test-renderer/cjs/react-test-renderer.development.js:14598:17)
      at create (node_modules/@testing-library/react-native/src/render-act.ts:15:29)
      at callback (node_modules/@testing-library/react-native/src/act.ts:31:24)
      at process.env.NODE_ENV.exports.act (node_modules/react/cjs/react.development.js:789:22)
      at actImplementation (node_modules/@testing-library/react-native/src/act.ts:30:25)
      at renderWithAct (node_modules/@testing-library/react-native/src/render-act.ts:13:11)
      at renderInternal (node_modules/@testing-library/react-native/src/render.tsx:69:33)
      at renderInternal (node_modules/@testing-library/react-native/src/render.tsx:44:10)
      at Object.<anonymous> (components/birthday/__tests__/BirthdayForm.test.tsx:69:55)

    console.error
      react-test-renderer is deprecated. See https://react.dev/warnings/react-test-renderer

    [0m [90m 81 |[39m
     [90m 82 |[39m   it([32m'calls onSubmit with correct data when form is valid'[39m[33m,[39m () [33m=>[39m {
    [31m[1m>[22m[39m[90m 83 |[39m     [36mconst[39m { getByPlaceholderText[33m,[39m getByText } [33m=[39m render(
     [90m    |[39m                                                       [31m[1m^[22m[39m
     [90m 84 |[39m       [33m<[39m[33mBirthdayForm[39m onSubmit[33m=[39m{mockSubmit} onCancel[33m=[39m{mockCancel} [33m/[39m[33m>[39m
     [90m 85 |[39m     )[33m;[39m
     [90m 86 |[39m[0m

      at Object.process.env.NODE_ENV.exports.create (node_modules/react-test-renderer/cjs/react-test-renderer.development.js:14598:17)
      at create (node_modules/@testing-library/react-native/src/render-act.ts:15:29)
      at callback (node_modules/@testing-library/react-native/src/act.ts:31:24)
      at process.env.NODE_ENV.exports.act (node_modules/react/cjs/react.development.js:789:22)
      at actImplementation (node_modules/@testing-library/react-native/src/act.ts:30:25)
      at renderWithAct (node_modules/@testing-library/react-native/src/render-act.ts:13:11)
      at renderInternal (node_modules/@testing-library/react-native/src/render.tsx:69:33)
      at renderInternal (node_modules/@testing-library/react-native/src/render.tsx:44:10)
      at Object.<anonymous> (components/birthday/__tests__/BirthdayForm.test.tsx:83:55)

    console.error
      react-test-renderer is deprecated. See https://react.dev/warnings/react-test-renderer

    [0m [90m 108 |[39m
     [90m 109 |[39m   it([32m'handles group selection'[39m[33m,[39m () [33m=>[39m {
    [31m[1m>[22m[39m[90m 110 |[39m     [36mconst[39m { getByText[33m,[39m getByPlaceholderText } [33m=[39m render(
     [90m     |[39m                                                       [31m[1m^[22m[39m
     [90m 111 |[39m       [33m<[39m[33mBirthdayForm[39m onSubmit[33m=[39m{mockSubmit} onCancel[33m=[39m{mockCancel} [33m/[39m[33m>[39m
     [90m 112 |[39m     )[33m;[39m
     [90m 113 |[39m[0m

      at Object.process.env.NODE_ENV.exports.create (node_modules/react-test-renderer/cjs/react-test-renderer.development.js:14598:17)
      at create (node_modules/@testing-library/react-native/src/render-act.ts:15:29)
      at callback (node_modules/@testing-library/react-native/src/act.ts:31:24)
      at process.env.NODE_ENV.exports.act (node_modules/react/cjs/react.development.js:789:22)
      at actImplementation (node_modules/@testing-library/react-native/src/act.ts:30:25)
      at renderWithAct (node_modules/@testing-library/react-native/src/render-act.ts:13:11)
      at renderInternal (node_modules/@testing-library/react-native/src/render.tsx:69:33)
      at renderInternal (node_modules/@testing-library/react-native/src/render.tsx:44:10)
      at Object.<anonymous> (components/birthday/__tests__/BirthdayForm.test.tsx:110:55)

    console.error
      react-test-renderer is deprecated. See https://react.dev/warnings/react-test-renderer

    [0m [90m 129 |[39m
     [90m 130 |[39m   it([32m'pre-fills form when initialValues are provided'[39m[33m,[39m () [33m=>[39m {
    [31m[1m>[22m[39m[90m 131 |[39m     [36mconst[39m { getByDisplayValue } [33m=[39m render(
     [90m     |[39m                                         [31m[1m^[22m[39m
     [90m 132 |[39m       [33m<[39m[33mBirthdayForm[39m
     [90m 133 |[39m         onSubmit[33m=[39m{mockSubmit}
     [90m 134 |[39m         onCancel[33m=[39m{mockCancel}[0m

      at Object.process.env.NODE_ENV.exports.create (node_modules/react-test-renderer/cjs/react-test-renderer.development.js:14598:17)
      at create (node_modules/@testing-library/react-native/src/render-act.ts:15:29)
      at callback (node_modules/@testing-library/react-native/src/act.ts:31:24)
      at process.env.NODE_ENV.exports.act (node_modules/react/cjs/react.development.js:789:22)
      at actImplementation (node_modules/@testing-library/react-native/src/act.ts:30:25)
      at renderWithAct (node_modules/@testing-library/react-native/src/render-act.ts:13:11)
      at renderInternal (node_modules/@testing-library/react-native/src/render.tsx:69:33)
      at renderInternal (node_modules/@testing-library/react-native/src/render.tsx:44:10)
      at Object.<anonymous> (components/birthday/__tests__/BirthdayForm.test.tsx:131:41)

    console.error
      react-test-renderer is deprecated. See https://react.dev/warnings/react-test-renderer

    [0m [90m 150 |[39m
     [90m 151 |[39m   it([32m'shows Saving... text when loading is true'[39m[33m,[39m () [33m=>[39m {
    [31m[1m>[22m[39m[90m 152 |[39m     [36mconst[39m { getByText } [33m=[39m render(
     [90m     |[39m                                 [31m[1m^[22m[39m
     [90m 153 |[39m       [33m<[39m[33mBirthdayForm[39m
     [90m 154 |[39m         onSubmit[33m=[39m{mockSubmit}
     [90m 155 |[39m         onCancel[33m=[39m{mockCancel}[0m

      at Object.process.env.NODE_ENV.exports.create (node_modules/react-test-renderer/cjs/react-test-renderer.development.js:14598:17)
      at create (node_modules/@testing-library/react-native/src/render-act.ts:15:29)
      at callback (node_modules/@testing-library/react-native/src/act.ts:31:24)
      at process.env.NODE_ENV.exports.act (node_modules/react/cjs/react.development.js:789:22)
      at actImplementation (node_modules/@testing-library/react-native/src/act.ts:30:25)
      at renderWithAct (node_modules/@testing-library/react-native/src/render-act.ts:13:11)
      at renderInternal (node_modules/@testing-library/react-native/src/render.tsx:69:33)
      at renderInternal (node_modules/@testing-library/react-native/src/render.tsx:44:10)
      at Object.<anonymous> (components/birthday/__tests__/BirthdayForm.test.tsx:152:33)

(node:37692) [DEP0040] DeprecationWarning: The `punycode` module is deprecated. Please use a userland alternative instead.
(Use `node --trace-deprecation ...` to show where the warning was created)
PASS hooks/__tests__/useBirthdays.test.tsx (14.234 s)
  ΓùÅ Console

    console.error
      react-test-renderer is deprecated. See https://react.dev/warnings/react-test-renderer

    [0m [90m 47 |[39m
     [90m 48 |[39m   it([32m'returns birthdays array'[39m[33m,[39m [36masync[39m () [33m=>[39m {
    [31m[1m>[22m[39m[90m 49 |[39m     [36mconst[39m { result } [33m=[39m renderHook(() [33m=>[39m useBirthdays()[33m,[39m { wrapper 
})[33m;[39m
     [90m    |[39m                                  [31m[1m^[22m[39m
     [90m 50 |[39m     [36mawait[39m waitFor(() [33m=>[39m {
     [90m 51 |[39m       expect(result[33m.[39mcurrent[33m.[39mloading)[33m.[39mtoBe([36mfalse[39m)[33m;[39m
     [90m 52 |[39m     })[33m;[39m[0m

      at Object.process.env.NODE_ENV.exports.create (node_modules/react-test-renderer/cjs/react-test-renderer.development.js:14598:17)
      at create (node_modules/@testing-library/react-native/src/render-act.ts:15:29)
      at callback (node_modules/@testing-library/react-native/src/act.ts:31:24)
      at process.env.NODE_ENV.exports.act (node_modules/react/cjs/react.development.js:789:22)
      at actImplementation (node_modules/@testing-library/react-native/src/act.ts:30:25)
      at renderWithAct (node_modules/@testing-library/react-native/src/render-act.ts:13:11)
      at renderInternal (node_modules/@testing-library/react-native/src/render.tsx:69:33)
      at renderInternal (node_modules/@testing-library/react-native/src/render.tsx:44:10)
      at renderHook (node_modules/@testing-library/react-native/src/render-hook.tsx:55:58)
      at Object.<anonymous> (hooks/__tests__/useBirthdays.test.tsx:49:34)

    console.error
      react-test-renderer is deprecated. See https://react.dev/warnings/react-test-renderer

    [0m [90m 55 |[39m
     [90m 56 |[39m   it([32m'returns expected hook API'[39m[33m,[39m [36masync[39m () [33m=>[39m {
    [31m[1m>[22m[39m[90m 57 |[39m     [36mconst[39m { result } [33m=[39m renderHook(() [33m=>[39m useBirthdays()[33m,[39m { wrapper 
})[33m;[39m
     [90m    |[39m                                  [31m[1m^[22m[39m
     [90m 58 |[39m     [36mawait[39m waitFor(() [33m=>[39m {
     [90m 59 |[39m       expect(result[33m.[39mcurrent[33m.[39mloading)[33m.[39mtoBe([36mfalse[39m)[33m;[39m
     [90m 60 |[39m     })[33m;[39m[0m

      at Object.process.env.NODE_ENV.exports.create (node_modules/react-test-renderer/cjs/react-test-renderer.development.js:14598:17)
      at create (node_modules/@testing-library/react-native/src/render-act.ts:15:29)
      at callback (node_modules/@testing-library/react-native/src/act.ts:31:24)
      at process.env.NODE_ENV.exports.act (node_modules/react/cjs/react.development.js:789:22)
      at actImplementation (node_modules/@testing-library/react-native/src/act.ts:30:25)
      at renderWithAct (node_modules/@testing-library/react-native/src/render-act.ts:13:11)
      at renderInternal (node_modules/@testing-library/react-native/src/render.tsx:69:33)
      at renderInternal (node_modules/@testing-library/react-native/src/render.tsx:44:10)
      at renderHook (node_modules/@testing-library/react-native/src/render-hook.tsx:55:58)
      at Object.<anonymous> (hooks/__tests__/useBirthdays.test.tsx:57:34)

    console.error
      react-test-renderer is deprecated. See https://react.dev/warnings/react-test-renderer

    [0m [90m 70 |[39m
     [90m 71 |[39m   it([32m'addBirthday is a function'[39m[33m,[39m [36masync[39m () [33m=>[39m {
    [31m[1m>[22m[39m[90m 72 |[39m     [36mconst[39m { result } [33m=[39m renderHook(() [33m=>[39m useBirthdays()[33m,[39m { wrapper 
})[33m;[39m
     [90m    |[39m                                  [31m[1m^[22m[39m
     [90m 73 |[39m     [36mawait[39m waitFor(() [33m=>[39m {
     [90m 74 |[39m       expect(result[33m.[39mcurrent[33m.[39mloading)[33m.[39mtoBe([36mfalse[39m)[33m;[39m
     [90m 75 |[39m     })[33m;[39m[0m

      at Object.process.env.NODE_ENV.exports.create (node_modules/react-test-renderer/cjs/react-test-renderer.development.js:14598:17)
      at create (node_modules/@testing-library/react-native/src/render-act.ts:15:29)
      at callback (node_modules/@testing-library/react-native/src/act.ts:31:24)
      at process.env.NODE_ENV.exports.act (node_modules/react/cjs/react.development.js:789:22)
      at actImplementation (node_modules/@testing-library/react-native/src/act.ts:30:25)
      at renderWithAct (node_modules/@testing-library/react-native/src/render-act.ts:13:11)
      at renderInternal (node_modules/@testing-library/react-native/src/render.tsx:69:33)
      at renderInternal (node_modules/@testing-library/react-native/src/render.tsx:44:10)
      at renderHook (node_modules/@testing-library/react-native/src/render-hook.tsx:55:58)
      at Object.<anonymous> (hooks/__tests__/useBirthdays.test.tsx:72:34)

    console.error
      react-test-renderer is deprecated. See https://react.dev/warnings/react-test-renderer

    [0m [90m 78 |[39m
     [90m 79 |[39m   it([32m'updateBirthday is a function'[39m[33m,[39m [36masync[39m () [33m=>[39m {
    [31m[1m>[22m[39m[90m 80 |[39m     [36mconst[39m { result } [33m=[39m renderHook(() [33m=>[39m useBirthdays()[33m,[39m { wrapper 
})[33m;[39m
     [90m    |[39m                                  [31m[1m^[22m[39m
     [90m 81 |[39m     [36mawait[39m waitFor(() [33m=>[39m {
     [90m 82 |[39m       expect(result[33m.[39mcurrent[33m.[39mloading)[33m.[39mtoBe([36mfalse[39m)[33m;[39m
     [90m 83 |[39m     })[33m;[39m[0m

      at Object.process.env.NODE_ENV.exports.create (node_modules/react-test-renderer/cjs/react-test-renderer.development.js:14598:17)
      at create (node_modules/@testing-library/react-native/src/render-act.ts:15:29)
      at callback (node_modules/@testing-library/react-native/src/act.ts:31:24)
      at process.env.NODE_ENV.exports.act (node_modules/react/cjs/react.development.js:789:22)
      at actImplementation (node_modules/@testing-library/react-native/src/act.ts:30:25)
      at renderWithAct (node_modules/@testing-library/react-native/src/render-act.ts:13:11)
      at renderInternal (node_modules/@testing-library/react-native/src/render.tsx:69:33)
      at renderInternal (node_modules/@testing-library/react-native/src/render.tsx:44:10)
      at renderHook (node_modules/@testing-library/react-native/src/render-hook.tsx:55:58)
      at Object.<anonymous> (hooks/__tests__/useBirthdays.test.tsx:80:34)

    console.error
      react-test-renderer is deprecated. See https://react.dev/warnings/react-test-renderer

    [0m [90m 86 |[39m
     [90m 87 |[39m   it([32m'deleteBirthday is a function'[39m[33m,[39m [36masync[39m () [33m=>[39m {
    [31m[1m>[22m[39m[90m 88 |[39m     [36mconst[39m { result } [33m=[39m renderHook(() [33m=>[39m useBirthdays()[33m,[39m { wrapper 
})[33m;[39m
     [90m    |[39m                                  [31m[1m^[22m[39m
     [90m 89 |[39m     [36mawait[39m waitFor(() [33m=>[39m {
     [90m 90 |[39m       expect(result[33m.[39mcurrent[33m.[39mloading)[33m.[39mtoBe([36mfalse[39m)[33m;[39m
     [90m 91 |[39m     })[33m;[39m[0m

      at Object.process.env.NODE_ENV.exports.create (node_modules/react-test-renderer/cjs/react-test-renderer.development.js:14598:17)
      at create (node_modules/@testing-library/react-native/src/render-act.ts:15:29)
      at callback (node_modules/@testing-library/react-native/src/act.ts:31:24)
      at process.env.NODE_ENV.exports.act (node_modules/react/cjs/react.development.js:789:22)
      at actImplementation (node_modules/@testing-library/react-native/src/act.ts:30:25)
      at renderWithAct (node_modules/@testing-library/react-native/src/render-act.ts:13:11)
      at renderInternal (node_modules/@testing-library/react-native/src/render.tsx:69:33)
      at renderInternal (node_modules/@testing-library/react-native/src/render.tsx:44:10)
      at renderHook (node_modules/@testing-library/react-native/src/render-hook.tsx:55:58)
      at Object.<anonymous> (hooks/__tests__/useBirthdays.test.tsx:88:34)

PASS app/__tests__/modal_photo.test.tsx (14.308 s)
  ΓùÅ Console

    console.error
      react-test-renderer is deprecated. See https://react.dev/warnings/react-test-renderer

    [0m [90m 157 |[39m         })[33m;[39m
     [90m 158 |[39m
    [31m[1m>[22m[39m[90m 159 |[39m         [36mconst[39m { getByText[33m,[39m getByPlaceholderText } [33m=[39m 
render([33m<[39m[33mAddEditBirthdayModal[39m [33m/[39m[33m>[39m)[33m;[39m
     [90m     |[39m                                                           [31m[1m^[22m[39m
     [90m 160 |[39m
     [90m 161 |[39m         [90m// 1. Pick photo[39m
     [90m 162 |[39m         [36mawait[39m act([36masync[39m () [33m=>[39m {[0m

      at Object.process.env.NODE_ENV.exports.create (node_modules/react-test-renderer/cjs/react-test-renderer.development.js:14598:17)
      at create (node_modules/@testing-library/react-native/src/render-act.ts:15:29)
      at callback (node_modules/@testing-library/react-native/src/act.ts:31:24)
      at process.env.NODE_ENV.exports.act (node_modules/react/cjs/react.development.js:789:22)
      at actImplementation (node_modules/@testing-library/react-native/src/act.ts:30:25)
      at renderWithAct (node_modules/@testing-library/react-native/src/render-act.ts:13:11)
      at renderInternal (node_modules/@testing-library/react-native/src/render.tsx:69:33)
      at renderInternal (node_modules/@testing-library/react-native/src/render.tsx:44:10)
      at Object.<anonymous> (app/__tests__/modal_photo.test.tsx:159:59)

    console.log
      [AddBirthday] Photo removed

      at handleSubmit (app/modal.tsx:104:17)


Test Suites: 2 failed, 14 passed, 16 total
Tests:       91 passed, 91 total
Snapshots:   0 total
Time:        16.215 s
Ran all test suites.
